../Drivers/CMSIS/Include/core_cm7.h:2229:22:SCB_EnableICache	4	static,ignoring_inline_asm
../Drivers/CMSIS/Include/core_cm7.h:2281:22:SCB_EnableDCache	24	static,ignoring_inline_asm
../Core/Src/main.c:73:5:main	8	static
../Core/Src/main.c:137:6:SystemClock_Config	88	static
../Core/Src/main.c:191:13:MX_TIM1_Init	40	static
../Core/Src/main.c:238:13:MX_USART1_UART_Init	8	static
../Core/Src/main.c:273:13:MX_GPIO_Init	56	static
../Core/Src/main.c:300:6:HAL_UART_RxCpltCallback	16	static
../Core/Src/main.c:331:6:MPU_Config	24	static
../Core/Src/main.c:362:6:Error_Handler	4	static,ignoring_inline_asm
